[ {
  "location" : {
    "filePath" : "main.bal",
    "startLine" : 9,
    "endLine" : 9,
    "startColumn" : 28,
    "endColumn" : 44,
    "startOffset" : 762,
    "length" : 16
  },
  "rule" : {
    "id" : "ballerina/mysql:1",
    "numericId" : 1,
    "description" : "A secure password should be used when connecting to a database",
    "ruleKind" : "VULNERABILITY"
  },
  "source" : "BUILT_IN",
  "fileName" : "rule1/main.bal",
  "filePath" : "/Users/sachink/Desktop/module-ballerinax-mysql/compiler-plugin-test/src/test/resources/static_code_analyzer/ballerina_packages/rule1/main.bal"
} ]
